Archive member included because of file (symbol)

C:\nburn/lib/MOD5441X.a(bsp.o)
                              c:/nburn/gcc-m68k/bin/../lib/gcc/m68k-elf/4.2.1/../../../../m68k-elf/lib/m5206e\nb-crt0.o (atexit)
C:\nburn/lib/MOD5441X.a(flash.o)
                              C:\nburn/lib/MOD5441X.a(bsp.o) (FlashErase)
C:\nburn/lib/MOD5441X.a(pins.o)
                              LCD.o (PinIO::set(unsigned char))
C:\nburn/lib/MOD5441X.a(dspi.o)
                              LCD.o (DSPIInit(unsigned char, unsigned long, unsigned char, unsigned char, unsigned char, unsigned char, unsigned char, unsigned char, unsigned char, unsigned char))
C:\nburn/lib/NetBurner.a(ucosmcfa.o)
                              C:\nburn/lib/MOD5441X.a(bsp.o) (OSCtxSw)
C:\nburn/lib/NetBurner.a(software_init.o)
                              c:/nburn/gcc-m68k/bin/../lib/gcc/m68k-elf/4.2.1/../../../../m68k-elf/lib/m5206e\nb-crt0.o (software_init_hook)
C:\nburn/lib/NetBurner.a(ucosmcfc.o)
                              lab1.o (OSTaskCreatewName)
C:\nburn/lib/NetBurner.a(ucos.o)
                              C:\nburn/lib/NetBurner.a(ucosmcfc.o) (OSSched)
C:\nburn/lib/NetBurner.a(debugtrap.o)
                              C:\nburn/lib/MOD5441X.a(bsp.o) (SetAddressReadRangeTrap)
C:\nburn/lib/NetBurner.a(ucosmain.o)
                              C:\nburn/lib/MOD5441X.a(bsp.o) (critical_count)
C:\nburn/lib/NetBurner.a(fileio.o)
                              C:\nburn/lib/NetBurner.a(ucosmain.o) (ioctl)
C:\nburn/lib/NetBurner.a(main.o)
                              c:/nburn/gcc-m68k/bin/../lib/gcc/m68k-elf/4.2.1/../../../../m68k-elf/lib/m5206e\nb-crt0.o (main)
C:\nburn/lib/NetBurner.a(ip.o)
                              lab1.o (InitializeStack(unsigned long, unsigned long, unsigned long, unsigned long))
C:\nburn/lib/NetBurner.a(buffers.o)
                              C:\nburn/lib/NetBurner.a(ip.o) (FreeBuffer)
C:\nburn/lib/NetBurner.a(arp.o)
                              C:\nburn/lib/NetBurner.a(ip.o) (wArpLifetime)
C:\nburn/lib/NetBurner.a(udp.o)
                              C:\nburn/lib/NetBurner.a(ip.o) (process_udp(pool_buffer*, IPPKT*, unsigned short))
C:\nburn/lib/NetBurner.a(tcp.o)
                              C:\nburn/lib/NetBurner.a(ip.o) (DumpTcpPacket(IPPKT*))
C:\nburn/lib/NetBurner.a(http.o)
                              lab1.o (StartHTTP)
C:\nburn/lib/NetBurner.a(httpinternal.o)
                              C:\nburn/lib/NetBurner.a(http.o) (TheErrorHandler)
C:\nburn/lib/NetBurner.a(httpstricmp.o)
                              C:\nburn/lib/NetBurner.a(httpinternal.o) (httpstricmp)
C:\nburn/lib/NetBurner.a(htmldecomp.o)
                              C:\nburn/lib/NetBurner.a(httpinternal.o) (SendHeaderResponse(char*, int))
C:\nburn/lib/NetBurner.a(iosys.o)
                              C:\nburn/lib/NetBurner.a(tcp.o) (FD_ZERO)
C:\nburn/lib/NetBurner.a(autoip.o)
                              C:\nburn/lib/NetBurner.a(arp.o) (AutoIPClient::addressCollision())
C:\nburn/lib/NetBurner.a(netinterface.o)
                              C:\nburn/lib/NetBurner.a(ip.o) (GetFirstInterface())
C:\nburn/lib/NetBurner.a(taskmon.o)
                              lab1.o (EnableTaskMonitor())
C:\nburn/lib/NetBurner.a(smarttrap.o)
                              lab1.o (EnableSmartTraps())
C:\nburn/lib/NetBurner.a(autoupdate.o)
                              lab1.o (EnableAutoUpdate)
C:\nburn/lib/NetBurner.a(device.o)
                              C:\nburn/lib/NetBurner.a(main.o) (DeviceInitializeSem)
C:\nburn/lib/NetBurner.a(nbiprintf.o)
                              lab1.o (iprintf)
C:\nburn/lib/NetBurner.a(nbsiprintf.o)
                              C:\nburn/lib/NetBurner.a(httpinternal.o) (siprintf)
C:\nburn/lib/NetBurner.a(websocket_handler.o)
                              C:\nburn/lib/NetBurner.a(httpinternal.o) (TheWSHandler)
C:\nburn/lib/NetBurner.a(system.o)
                              C:\nburn/lib/NetBurner.a(udp.o) (isvalidcr)
C:\nburn/lib/NetBurner.a(utils.o)
                              C:\nburn/lib/NetBurner.a(system.o) (AsciiToIp)
C:\nburn/lib/NetBurner.a(extraio.o)
                              C:\nburn/lib/NetBurner.a(httpinternal.o) (GetExtraInterface)
C:\nburn/lib/NetBurner.a(new_ops.o)
                              C:\nburn/lib/NetBurner.a(autoip.o) (operator new(unsigned long))
C:\nburn/lib/MOD5441X.a(localio.o)
                              C:\nburn/lib/NetBurner.a(fileio.o) (LocalInByte)
C:\nburn/lib/MOD5441X.a(serial.o)
                              C:\nburn/lib/NetBurner.a(fileio.o) (SerialClose)
C:\nburn/lib/MOD5441X.a(ethernet.o)
                              C:\nburn/lib/NetBurner.a(netinterface.o) (AddEthernetInterface())
C:\nburn/lib/MOD5441X.a(etherprint.o)
                              C:\nburn/lib/MOD5441X.a(ethernet.o) (EthernetVars::EtherLink())
C:\nburn/lib/MOD5441X.a(emulticast.o)
[...]
Memory Configuration

Name             Origin             Length             Attributes
ram              0x40000400         0x03fffcff         xrw
SRAM             0x80000400         0x0000fbf0         xrw
*default*        0x00000000         0xffffffff

Linker script and memory map

LOAD c:/nburn/gcc-m68k/bin/../lib/gcc/m68k-elf/4.2.1/../../../../m68k-elf/lib/m5206e\nb-crt0.o
LOAD c:/nburn/gcc-m68k/bin/../lib/gcc/m68k-elf/4.2.1/m5206e/crtbegin.o
LOAD lab1.o
LOAD error_wrapper.o
LOAD LCD.o
LOAD htmldata.o
LOAD C:\nburn/MOD5441X/lib/sys.ld
                0x40000000                ovector_base = 0x40000000
                0x80000000                vector_base = 0x80000000
                0x80000400                SRAM_START_ADDR = 0x80000400
                0x80010000                SRAM_END_ADDR = 0x80010000
                0xc0000000                gConfigRec = 0xc0000000
                0xc0020000                UserParamBase = 0xc0020000
                0xc0040000                FlashAppBase = 0xc0040000
                0x8c000000                sim_rgpio = 0x8c000000
                0xec008000                sim1 = 0xec008000
                0xfc004000                sim2 = 0xfc004000
                0xfc0d4008                DBETHER_EMIR_REG = 0xfc0d4008
START GROUP
LOAD C:\nburn/lib/MOD5441X.a
LOAD C:\nburn/lib/NetBurner.a
LOAD C:\nburn/lib/FatFile.a
LOAD C:\nburn\lib\debugLibrary.a
LOAD C:\nburn\lib\Lua_Full.a
LOAD C:\nburn\lib\nb-libxively.a
LOAD C:\nburn\lib\nbwifilib.a
LOAD C:\nburn\lib\webclient.a
END GROUP
LOAD c:/nburn/gcc-m68k/bin/../lib/gcc/m68k-elf/4.2.1/../../../../m68k-elf/lib/m5206e\libstdc++.a
LOAD c:/nburn/gcc-m68k/bin/../lib/gcc/m68k-elf/4.2.1/../../../../m68k-elf/lib/m5206e\libm.a
LOAD c:/nburn/gcc-m68k/bin/../lib/gcc/m68k-elf/4.2.1/m5206e\libgcc.a
LOAD c:/nburn/gcc-m68k/bin/../lib/gcc/m68k-elf/4.2.1/../../../../m68k-elf/lib/m5206e\libc.a
LOAD c:/nburn/gcc-m68k/bin/../lib/gcc/m68k-elf/4.2.1/m5206e\libgcc.a
LOAD c:/nburn/gcc-m68k/bin/../lib/gcc/m68k-elf/4.2.1/m5206e/crtend.o
START GROUP
LOAD c:/nburn/gcc-m68k/bin/../lib/gcc/m68k-elf/4.2.1/../../../../m68k-elf/lib/m5206e\libc.a
LOAD c:/nburn/gcc-m68k/bin/../lib/gcc/m68k-elf/4.2.1/m5206e\libgcc.a
LOAD c:/nburn/gcc-m68k/bin/../lib/gcc/m68k-elf/4.2.1/../../../../m68k-elf/lib/m5206e\libm.a
END GROUP
                0x00000000                __DYNAMIC = 0x0
                0x44000000                PROVIDE (__stack, 0x44000000)
                0x00000000                PROVIDE (hardware_init_hook, 0x0)
                0x00000000                PROVIDE (_hardware_init_hook, 0x0)
                0x00000000                PROVIDE (software_init_hook, 0x0)
                0x00000000                PROVIDE (_software_init_hook, 0x0)

.SRAM_SECT      0x80000400     0x8df0
                0x80000400                SRAM_START = .
 *(SYS_VAR_SECT)
 SYS_VAR_SECT   0x80000400      0x3b0 C:\nburn/lib/MOD5441X.a(dspi.o)
                0x80000404                fakeRXData
                0x800007a0                DSPIModule::lastCxts
                0x80000408                DSPIModule::driverCxt
                0x80000400                fakeTXData
 SYS_VAR_SECT   0x800007b0      0x238 C:\nburn/lib/NetBurner.a(ucos.o)
                0x800008dc                TimeTick
                0x800008cc                OSLockNesting
                0x800008d6                OSRunning
                0x800008b8                OSTCBList
                0x800008e0                OSMapTbl
                0x800008d8                Secs
                0x800008c4                OSTCBFreeList
                0x800008d4                OSISRLevel
                0x800008c0                OSTCBHighRdy
                0x800008d0                OSRdyGrp
                0x800008e8                OSUnMapTbl
                0x800008b0                OSRdyTbl
                0x800008c8                OSIntNesting
                0x800008bc                OSTCBCur
                0x800007b0                OSTCBPrioTbl
 SYS_VAR_SECT   0x800009e8      0x1ac C:\nburn/lib/NetBurner.a(ucosmain.o)
                0x800009e8                OSTcbStructSize
                0x80000a00                critical_count
                0x80000a04                OSTCBTbl
 SYS_VAR_SECT   0x80000b94       0x1c C:\nburn/lib/NetBurner.a(fileio.o)
                0x80000ba0                pExtraFdFunc
                0x80000ba4                fd_map
 SYS_VAR_SECT   0x80000bb0       0x20 C:\nburn/lib/NetBurner.a(iosys.o)
                0x80000bb0                read_file_sets
                0x80000bc0                error_file_sets
                0x80000bb8                write_file_sets
                0x80000bd0                SYS_VAR_SECT_END = .
                0x80000bd0                . = ALIGN (0x10)
 *(IDLE_STK_SECT)
                0x80000bd0                IDLE_STK_SECT_END = .
                0x80000bd0                . = ALIGN (0x10)
 *(MAIN_STK_SECT)
 MAIN_STK_SECT  0x80000bd0     0x2000 C:\nburn/lib/NetBurner.a(main.o)
                0x80000bd0                MainStk
                0x80002bd0                MAIN_STK_SECT_END = .
                0x80002bd0                . = ALIGN (0x4)
 *(ETHER_VAR_SECT)
 ETHER_VAR_SECT
                0x80002bd0      0x252 C:\nburn/lib/MOD5441X.a(ethernet.o)
                0x80002e10                FecFifo
                0x80002bd0                enet0
                0x80002cf0                enet1
                0x80002e22                ETHER_VAR_SECT_END = .
                0x80002e30                . = ALIGN (0x10)
 *fill*         0x80002e22        0xe 00
 *(ETHER_STK_SECT)
 ETHER_STK_SECT
                0x80002e30     0x2000 C:\nburn/lib/MOD5441X.a(ethernet.o)
                0x80002e30                EtherSendStk
                0x80004e30                ETHER_STK_SECT_END = .
                0x80004e30                . = ALIGN (0x4)
 *(IP_VAR_SECT)
 IP_VAR_SECT    0x80004e30      0x2fe C:\nburn/lib/NetBurner.a(ip.o)
                0x80004e4e                pDHCPServerTick
                0x80004e32                bTTL_Default
                0x80005126                next_arp_time
                0x80004e34                ipRxFifo
                0x80004e6a                multi_home_if_record
                0x80004e46                IcmpFifo
                0x80004e66                nAdditional_Homes
                0x80004e30                wGlobalPktId
                0x80004e5a                pPromisciousPacketFunc
                0x80004e62                pFragFunc
                0x80004e5e                pMultiCastFunc
                0x8000512a                delay
                0x80004e56                pAutoIPTick
                0x80004e52                pMultiTick
                0x80004e4a                pDHCPTick
                0x80004e92                multi_if_block
 IP_VAR_SECT    0x8000512e       0x78 C:\nburn/lib/NetBurner.a(udp.o)
                0x800051a2                UdpNetbiosNameServicePtr
                0x8000519a                pDHCPServerProcessFunction
                0x8000512e                udp_fifos
                0x80005196                pDHCPProcessFunction
                0x8000519e                pTaskPacketFunc
                0x80005192                UDP_fifos_used
                0x800051a6                IP_VAR_SECT_END = .
                0x800051b0                . = ALIGN (0x10)
 *fill*         0x800051a6        0xa 00
 *(IP_STK_SECT)
 IP_STK_SECT    0x800051b0     0x2000 C:\nburn/lib/NetBurner.a(ip.o)
                0x800051b0                IPStk
                0x800071b0                IP_STK_SECT_END = .
                0x800071b0                . = ALIGN (0x4)
 *(TCP_VAR_SECT)
 TCP_VAR_SECT   0x800071b0       0x1e C:\nburn/lib/NetBurner.a(tcp.o)
                0x800071c0                TCP_TimerSemaphore
                0x800071b0                TCP_critical_section
                0x800071ce                TCP_VAR_SECT_END = .
                0x800071d0                . = ALIGN (0x10)
 *fill*         0x800071ce        0x2 00
 *(TCP_STK_SECT)
 TCP_STK_SECT   0x800071d0     0x2000 C:\nburn/lib/NetBurner.a(tcp.o)
                0x800071d0                TCPStk
                0x800091d0                TCP_STK_SECT_END = .
                0x800091d0                . = ALIGN (0x10)
 *(HTTP_STK_SECT)
                0x800091d0                HTTP_STK_SECT_END = .
                0x800091d0                . = ALIGN (0x10)
 *(FTP_STK_SECT)
                0x800091d0                FTP_STK_SECT_END = .
                0x800091d0                . = ALIGN (0x10)
 *(WIFI_STK_SECT)
                0x800091d0                WIFI_STK_SECT_END = .
                0x800091d0                . = ALIGN (0x10)
 *(PPP_STK_SECT)
                0x800091d0                PPP_STK_SECT_END = .
                0x800091d0                . = ALIGN (0x10)
 *(COMMAND_STK_SECT)
                0x800091d0                COMMAND_STK_SECT_END = .
                0x800091d0                . = ALIGN (0x4)
 *(USER_VAR_SECT)
                0x800091d0                USER_VAR_SECT_END = .
                0x800091d0                . = ALIGN (0x10)
 *(USER_STK_SECT)
                0x800091d0                USER_STK_SECT_END = .
                0x800091d0                . = ALIGN (0x4)
 *(TLS_VAR_SECT)
                0x800091d0                TLS_VAR_SECT_END = .
                0x800091d0                BUFFERS_SECT_START = .
                0x800091d0                . = ALIGN (0x10)
 *(BUFFERS_VAR_SECT)
 BUFFERS_VAR_SECT
                0x800091d0       0x1c C:\nburn/lib/NetBurner.a(buffers.o)
                0x800091d0                FAST_BUFFER_POOL_SIZE
                0x800091de                free_fast_list
                0x800091e8                free_list_is_initialized
                0x800091d4                free_list
                0x800091f0                . = ALIGN (0x10)
 *fill*         0x800091ec        0x4 00
                0x800091f0                BUFFERS_VAR_SECT_END = .
                0x800091f0                . = ALIGN (0x10)
                0x800091f0                SRAM_END = .

.text           0x40000400    0x29a80
 *(.text)
 .text          0x40000400       0xaa c:/nburn/gcc-m68k/bin/../lib/gcc/m68k-elf/4.2.1/../../../../m68k-elf/lib/m5206e\nb-crt0.o
                0x40000400                start
 *fill*         0x400004aa        0x2 00
 .text          0x400004ac       0x9c c:/nburn/gcc-m68k/bin/../lib/gcc/m68k-elf/4.2.1/m5206e/crtbegin.o
 .text          0x40000548      0x52a lab1.o
                0x40000818                Task1Main
                0x400005a8                Task3Main
                0x40000918                StartTask2
                0x400009a0                UserMain
                0x400006c0                Task2Main
                0x4000095c                StartTask1
                0x400008d4                StartTask3
 *fill*         0x40000a72        0x2 00
 .text          0x40000a74      0x1c4 error_wrapper.o
                0x40000a74                display_error(char const*, unsigned char)
 .text          0x40000c38      0x4e4 LCD.o
                0x40000f3c                LCD::TestLCD()
                0x400010fc                LCD::Init()
                0x40000e7c                LCD::~LCD()
                0x4000103c                LCD::Clear()
                0x40000cdc                LCD::move(struct_point)
                0x40000d3c                LCD::Home()
                0x40000f6c                LCD::DrawChar(unsigned char const*, struct_point)
                0x40000ebc                LCD::send_data(unsigned char const*, unsigned short)
                0x40000c38                LCD::LCD()
                0x4000105c                LCD::init_lcd()
                0x40000d50                LCD::Invert()
                0x40000fa8                LCD::DrawChar(unsigned char const*)
                0x40000c4c                LCD::LCD()
                0x40000e94                LCD::~LCD()
                0x40000ea8                LCD::~LCD()
                0x40000d34                LCD::Move(struct_point)
                0x40000fc8                LCD::DrawString(char*)
                0x40000c60                LCD::send_cmd(unsigned char)
                0x40000dc0                LCD::init_spi()
                0x40001010                LCD::DrawBitmap(unsigned char const*)
 .text          0x4000111c       0x16 htmldata.o
                0x40001128                DoHtmlVariable(int, unsigned short)
                0x4000111c                DoHtmlFunction(int, char const*, unsigned short)
 *fill*         0x40001132        0x2 00
 .text          0x40001134      0x3c4 C:\nburn/lib/MOD5441X.a(bsp.o)
                0x40001310                GetUserParameters
                0x4000126c                _sbrk_r
                0x400013b0                HardwareSetup
                0x400011bc                DisableCache
                0x400012c4                spaceleft
                0x40001148                Tick5441X
                0x40001394                ForceReboot
                0x400012fc                BspGetTickFraction
                0x40001144                xTick
                0x400012b8                atexit
                0x40001320                SaveUserParameters
                0x40001234                EnableCache
                0x40001134                CatchNullWrites
                0x40001160                SetIntc
 .text          0x400014f8      0x268 C:\nburn/lib/MOD5441X.a(flash.o)
                0x40001588                FlashProgram
                0x400014f8                FlashErase
 .text          0x40001760     0x1d06 C:\nburn/lib/MOD5441X.a(pins.o)
                0x40001760                PinIO::set(unsigned char)
                0x40002cf4                PinIO::function(int)
                0x40002258                PinIO::drive()
                0x40003404                CReadPin
                0x40002684                PinIO::read()
                0x40003428                CGPInPin
 *fill*         0x40003466        0x2 00
 .text          0x40003468     0x28ac C:\nburn/lib/MOD5441X.a(dspi.o)
                0x40005c3c                real_dspi0_int_routine
                0x40004e24                real_dspi2_rx_dma_int_routine
                0x40003c84                canDoDMA(unsigned char, unsigned char*, unsigned char volatile*)
                0x40003c34                dspi3_int_routine
                0x400039e4                fake_dspi2_rx_dma_int_routine()
                0x40003940                dspi1_rx_dma_int_routine
                0x40003e48                DSPIdone(unsigned char)
                0x40004ec0                real_dspi0_tx_dma_int_routine
                0x40004e58                real_dspi1_tx_dma_int_routine
                0x40004d88                real_dspi3_tx_dma_int_routine
                0x40003894                fake_dspi0_rx_dma_int_routine()
                0x40003be0                dspi2_int_routine
                0x40003a90                dspi3_rx_dma_int_routine
                0x40003468                setupDSPI_Dma(int, dspistruct volatile&)
                0x40003bdc                fake_dspi2_int_routine()
                0x400049e4                DSPIInit(unsigned char, unsigned long, unsigned char, unsigned char, unsigned char, unsigned char, unsigned char, unsigned char, unsigned char, unsigned char)
                0x40003b88                fake_dspi1_int_routine()
                0x40005c24                real_dspi1_int_routine
                0x40003990                fake_dspi1_tx_dma_int_routine()
                0x40005c0c                real_dspi2_int_routine
                0x400039e8                dspi2_rx_dma_int_routine
                0x40003a8c                fake_dspi3_rx_dma_int_routine()
                0x400038e8                fake_dspi0_tx_dma_int_routine()
                0x40004fdc                DSPI_Isr_cleanup(unsigned int, dspistruct volatile&, unsigned long, unsigned long)
                0x4000393c                fake_dspi1_rx_dma_int_routine()
                0x40004bb0                DSPIModule::DSPIModule(unsigned char, unsigned long, unsigned char, unsigned char, unsigned char, unsigned char, unsigned char, unsigned char, unsigned char, unsigned char)
                0x40004dbc                real_dspi3_rx_dma_int_routine
                0x40003d18                DSPIModule::Done(unsigned char)
                0x40003ee4                DSPIModule::RegisterSem(os_sem*)
                0x40003a38                fake_dspi2_tx_dma_int_routine()
                0x40003a3c                dspi2_tx_dma_int_routine
                0x40003b34                fake_dspi0_int_routine()
                0x40003b38                dspi0_int_routine
                0x40003ae0                fake_dspi3_tx_dma_int_routine()
                0x40003994                dspi1_tx_dma_int_routine
                0x40004ef0                real_dspi0_rx_dma_int_routine
                0x40003ae4                dspi3_tx_dma_int_routine
                0x40003c30                fake_dspi3_int_routine()
                0x40005c54                DSPIStart(unsigned char, unsigned char*, unsigned char volatile*, unsigned long, os_sem*, unsigned char, int)
                0x40005060                DSPI_Isr(unsigned int, dspistruct volatile*)
                0x40003b8c                dspi1_int_routine
                0x40003e08                DSPIModule::DSPIModule(unsigned char)
                0x40003dc8                DSPIModule::DSPIModule(unsigned char)
                0x40004f20                DSPI_Isr_done(unsigned int, dspistruct volatile&)
                0x40005bf4                real_dspi3_int_routine
                0x40005854                DSPIModule::Start(unsigned char*, unsigned char volatile*, unsigned long, int)
                0x40004e8c                real_dspi1_rx_dma_int_routine
                0x40003898                dspi0_rx_dma_int_routine
                0x40004df0                real_dspi2_tx_dma_int_routine
                0x40003f30                DSPIModule::EnableDMA(bool)
                0x40004b0c                DSPIModule::DSPIModule(unsigned char, unsigned long, unsigned char, unsigned char, unsigned char, unsigned char, unsigned char, unsigned char, unsigned char, unsigned char)
                0x400038ec                dspi0_tx_dma_int_routine
                0x40003f7c                DSPIModule::Init(unsigned long, unsigned char, unsigned char, unsigned char, unsigned char, unsigned char, unsigned char, unsigned char, unsigned char)
 *fill*         0x40005d14        0xc 00
 .text          0x40005d20      0x44a C:\nburn/lib/NetBurner.a(ucosmcfa.o)
                0x40005e00                OSDebugTraceHalt
                0x40005d20                OSStartHighRdy
                0x40005e10                TrapOutByte
                0x40005e40                memcpy
                0x40005e40                fmemcpy
                0x40005d40                OSCtxSw
                0x40005e30                TrapCharAvail
                0x40005d70                OSIntCtxSw
                0x40005e20                TrapInByte
                0x40005da0                OSTickISR
                0x40005f10                memcpysum
                0x40005de0                OSSetupVBR
                0x40006140                GetSR_IntLevel
                0x400060a0                memset
                0x400060a0                fmemset
                0x40006150                SetSR_IntLevel
 *fill*         0x4000616a        0x2 00
 .text          0x4000616c        0x8 C:\nburn/lib/NetBurner.a(software_init.o)
                0x4000616c                software_init_hook
 .text          0x40006174      0x320 C:\nburn/lib/NetBurner.a(ucosmcfc.o)
                0x4000645c                OSTaskCreate
                0x40006488                TopOfStackKillfunction
                0x40006230                OSTaskCreatewName
                0x40006174                OSTCBInit
                0x4000648c                KillFunctionLink
 .text          0x40006494     0x1e0c C:\nburn/lib/NetBurner.a(ucos.o)
                0x40007e40                OSCritEnterNoWait
                0x40006544                UCOSWAITS_HERE
                0x40007aec                OSFifoPostFirst
                0x40007eb4                OSCritLeave
                0x40007c4c                getpid
                0x40006750                OSLock
                0x400075bc                OSQPostFirst
                0x40007fcc                OSTaskID
                0x400073a8                OSQPendNoWait
                0x40007fe4                OSSetName
                0x4000800c                OSIntExit
                0x40006bd4                OSSemPendNoWait
                0x400068bc                OSTaskDelete
                0x40006778                OSUnlock
                0x40007c64                OSCritInit
                0x40007424                OSQPost
                0x40007ca0                OSCritEnter
                0x400077a8                OSFifoPend
                0x40006a34                OSSemPend
                0x40006da0                OSMboxInit
                0x40006fdc                OSMboxPost
                0x4000775c                OSFifoInit
                0x400071c0                OSQPend
                0x400064c0                OSSched
                0x4000657c                OSTimeDly
                0x40006c14                OSSemPost
                0x400067b8                OSChangePrio
                0x40006720                OSTCBGetFree
                0x40006554                OSIntEnterWAS
                0x40006f94                OSMboxPendNoWait
                0x4000798c                OSFifoPost
                0x400069d4                OSSemInit
                0x400080a8                OSStart
                0x40006634                OSTimeTick
                0x4000714c                OSQInit
                0x40007ff8                OSTaskName
                0x4000793c                OSFifoPendNoWait
                0x40006df4                OSMboxPend
                0x40008124                OSInit
                0x40006614                OSChangeTaskDly
 .text          0x400082a0      0x180 C:\nburn/lib/NetBurner.a(debugtrap.o)
                0x400083c8                SetAddressReadRangeTrap
                0x40008388                SetAddressReadTrap
                0x400082a0                WDEBUG
                0x40008330                SetAddressWriteRangeTrap
                0x400082f0                SetAddressWrittenTrap
 .text          0x40008420      0x1b8 C:\nburn/lib/NetBurner.a(ucosmain.o)
                0x400084fc                __malloc_unlock
                0x40008420                UCosBegin
                0x4000851c                balloc_lock
                0x4000855c                UCosSetup
                0x400084e0                balloc_unlock
                0x4000853c                __malloc_lock
 .text          0x400085d8      0x5f8 C:\nburn/lib/NetBurner.a(fileio.o)
                0x40008768                ioctl
                0x400085d8                isatty
                0x400086c0                CurrentStdioFD
                0x40008738                lseek
                0x40008610                ReplaceStdio
                0x400087d4                write
                0x400085f4                fstat
                0x40008904                rawwrite
                0x40008b10                stdioinbyte
                0x40008988                read
                0x400086f0                outbyte
                0x40008750                open
                0x40008708                charavail
                0x400086e4                fcntl
                0x40008b88                close
 .text          0x40008bd0       0x78 C:\nburn/lib/NetBurner.a(main.o)
                0x40008c08                main
                0x40008bd0                __do_global_ctors
 .text          0x40008c48     0x1afa C:\nburn/lib/NetBurner.a(ip.o)
                0x400090e8                FixUpICMP(IPPKT*, unsigned char, unsigned char, unsigned char*, unsigned short)
                0x40008e08                IsMultiCast(unsigned long)
                0x40009a88                FixHeaderAndSend(pool_buffer*, IPPKT*)
                0x400093fc                DoIPPacket(pool_buffer*, EFRAME*, unsigned short)
                0x40008d04                GetSum20
                0x40009d84                PingViaInterface
                0x4000939c                SaveError(pool_buffer*)
                0x40008ef8                GetEphemeralPort()
                0x4000970c                process_icmp(pool_buffer*, IPPKT*, unsigned short)
                0x40008f94                IpProcessEthernetPacket
                0x400095c0                FixHeaderAndSendViaInterface(pool_buffer*, IPPKT*, int)
                0x4000a000                ShowIPBuffer(pool_buffer*)
                0x40009be8                SendICMPError(pool_buffer*, unsigned char, unsigned char)
                0x40009200                InitializeStack(unsigned long, unsigned long, unsigned long, unsigned long)
                0x40008e58                GetData(IPPKT*)
                0x40009324                InitializeCStack
                0x40009e94                Ping
                0x40008c48                GetSum
                0x40009330                GetMultiHomeInterface(unsigned long, int)
                0x400093e0                IsMyIp
                0x400091a4                IsBroadCast(unsigned long, int)
                0x40009150                KillStack
                0x40008e84                PrepareIPOutput(pool_buffer*, unsigned long, unsigned short)
                0x40008e28                GetMultiAddress(unsigned long)
                0x40009cbc                SendPing
                0x40008d3c                GetSumHdr
                0x4000915c                IsLocal(unsigned long, int)
                0x40009ec8                GetLocalIPInterface(unsigned long)
                0x40009f20                AddInterface(unsigned long, unsigned long, unsigned long, int)
                0x40009828                IPTask(void*)
 *fill*         0x4000a742        0x2 00
 .text          0x4000a744      0xef8 C:\nburn/lib/NetBurner.a(buffers.o)
                0x4000a828                FreeBufferList
                0x4000ac34                fifo_buffer_storage::Full()
                0x4000ad24                ShowBuffer
                0x4000b008                fifo_buffer_storage::Reset(unsigned char)
                0x4000a858                InitBuffers
                0x4000a984                buffer_list::InsertBefore(pool_buffer*, pool_buffer*)
                0x4000ab5c                GetBuffer
                0x4000ad04                fifo_buffer_storage::fifo_buffer_storage(unsigned char, unsigned char)
                0x4000ac1c                fifo_buffer_storage::Empty()
                0x4000b480                fifo_buffer_storage::ReadDatawSum(unsigned char*, int, unsigned long&)
                0x4000ac08                fifo_buffer_storage::SpaceUsed()
                0x4000a744                ShowBuffers()
                0x4000a770                buffer_list::InsertHead(pool_buffer*)
                0x4000ae50                GetFreeCount
                0x4000a754                IncUsageCount
                0x4000ace4                fifo_buffer_storage::fifo_buffer_storage(unsigned char, unsigned char)
                0x4000a920                buffer_list::InsertTail(pool_buffer*)
                0x4000b0c8                fifo_buffer_storage::~fifo_buffer_storage()
                0x4000b1b8                fifo_buffer_storage::SetMaxBuffers(unsigned char)
                0x4000aec8                fifo_buffer_storage::ReadData(unsigned char*, int)
                0x4000ac7c                fifo_buffer_storage::Init(unsigned char, unsigned char)
                0x4000a74c                DumpBuffers()
                0x4000aaf4                buffer_list::RemoveHead()
                0x4000aa6c                buffer_list::Remove(pool_buffer*)
                0x4000aba8                buffer_list::RemoveTail()
                0x4000b0dc                fifo_buffer_storage::LongSpaceAvail()
                0x4000b248                fifo_buffer_storage::WriteData(unsigned char*, int)
                0x4000a7e0                FreeBuffer
                0x4000a9f8                buffer_list::InsertAfter(pool_buffer*, pool_buffer*)
                0x4000b194                fifo_buffer_storage::SpaceAvail()
                0x4000b0b4                fifo_buffer_storage::~fifo_buffer_storage()
 .text          0x4000b63c     0x18ae C:\nburn/lib/NetBurner.a(arp.o)
                0x4000c19c                FindAddArp(unsigned long)
                0x4000b7a4                sendGratuitousArp(int)
                0x4000b664                MacEqual(MACADR, MACADR)
                0x4000b960                InitializeArp()
                0x4000bfc4                FindArp(unsigned long)
                0x4000c904                SendArp(ArpRecord*, int)
                0x4000ba08                GetInterface(unsigned long)
                0x4000c4f8                AddCheckArp(MACADR*, unsigned long, int)
                0x4000b6c4                SetMac(ArpRecord*, MACADR, int)
                0x4000c120                DeleteArpFromIp(unsigned long)
                0x4000c0c8                GetArpMacFromIp(unsigned long, MACADR&)
                0x4000c970                RouteOutVia(EFRAME*, unsigned long, pool_buffer*, int)
                0x4000c860                GetProperInterface(unsigned long)
                0x4000bf20                FreeOneArp()
                0x4000c59c                processArp(pool_buffer*, EFRAME*)
                0x4000b768                NeedsArp(int)
                0x4000ba54                GetNextArp(ArpRecord*)
                0x4000b874                RawSendArp(ArpRecord*, unsigned long, int)
                0x4000be2c                AgeArp()
                0x4000cb80                RouteOut(EFRAME*, unsigned long, pool_buffer*)
                0x4000c81c                AddStaticArp(MACADR*, unsigned long, int)
                0x4000bb1c                ShowArp()
                0x4000bc5c                DeleteArp(ArpRecord*)
                0x4000bac4                GetFirstArp()
                0x4000ce20                GetSrcIp
                0x4000c388                IsMyAddressUsedArpDetect(unsigned short, int)
                0x4000b65c                Cleanup()
                0x4000b63c                IsNull(ArpRecord*)
                0x4000bbb0                fShowArp(__sFILE*)
                0x4000c140                AddPending(MACADR*, unsigned long, int)
 *fill*         0x4000ceea        0x2 00
 .text          0x4000ceec     0x14f8 C:\nburn/lib/NetBurner.a(udp.o)
                0x4000d810                UDPPacket::Send(unsigned long, unsigned char)
                0x4000d034                UDPPacket::SetDestinationPort(unsigned short)
                0x4000d0f8                UDPPacket::GetPacketId()
                0x4000d144                UDPPacket::GetSourceAddress()
                0x4000e024                UDPPacket::UDPPacket()
                0x4000d4f0                UDPPacket::AddDataByte(unsigned char)
                0x4000d928                UDPPacket::SendAndKeep(unsigned long, unsigned char)
                0x4000d168                RegisterUDPFifo(unsigned short, os_fifo*)
                0x4000d538                UDPPacket::AddData(char const*)
                0x4000cf60                UDPPacket::UDPPacket(pool_buffer*)
                0x4000d654                UDPPacket::SendViaInterface(unsigned long, int, unsigned char)
                0x4000d0e0                UDPPacket::GetIpPacket()
                0x4000d77c                UDPPacket::SendVia(unsigned long, unsigned long, unsigned char)
                0x4000d998                UDPPacket::~UDPPacket()
                0x4000ceec                GetUdpFifoRec(unsigned short)
                0x4000d070                UDPPacket::GetDataBuffer()
                0x4000d230                RegisterUDPFifoWithNotify(unsigned short, os_fifo*, void (*)(os_fifo*, unsigned short))
                0x4000cfac                UDPPacket::UDPPacket(pool_buffer*)
                0x4000d0a4                UDPPacket::GetDataSize() const
                0x4000da04                ProcessIDPacket(UDPPacket&, int)
                0x4000d514                UDPPacket::AddDataWord(unsigned short)
                0x4000e068                process_udp(pool_buffer*, IPPKT*, unsigned short)
                0x4000d5c4                UDPPacket::Validate()
                0x4000d050                UDPPacket::GetDestinationPort() const
                0x4000d444                UDPPacket::AddData(unsigned char const*, unsigned short)
                0x4000d2f8                UnregisterUDPFifo(unsigned short)
                0x4000e324                UDPPacket::UDPPacket(os_fifo*, unsigned long)
                0x4000d084                UDPPacket::SetDataSize(unsigned short)
                0x4000d3c0                FixIDDataPacket(UDPPacket&, _InterfaceBlock*)
                0x4000d0cc                UDPPacket::ResetData()
                0x4000d970                UDPPacket::~UDPPacket()
                0x4000e384                UDPPacket::UDPPacket(os_fifo*, unsigned long)
                0x4000d7bc                UDPPacket::SendAndKeepVia(unsigned long, unsigned long, unsigned char)
                0x4000d568                RegisterEphemeralFifo(os_fifo*)
                0x4000cff8                UDPPacket::SetSourcePort(unsigned short)
                0x4000d014                UDPPacket::GetSourcePort() const
                0x4000d41c                FixIDDataPacket(UDPPacket&, int)
                0x4000d9c0                UDPPacket::UDPPacket()
                0x4000d120                UDPPacket::GetDestinationAddress()
 .text          0x4000e3e4     0x54f8 C:\nburn/lib/NetBurner.a(tcp.o)
                0x4000fb58                SendTcpRst(IPPKT*)
                0x4000ea8c                GetTcpState(int)
                0x4000feb0                InitTCP()
                0x4001209c                listenvia(unsigned long, unsigned short, unsigned char, unsigned long)
                0x4001285c                _Socket_Private_read
                0x4000ea10                ShortSocketList::ShortSocketList()
                0x4000eaf4                SetOutOfOrderbuffers(int, unsigned char)
                0x4000e67c                GetSocketRemotePort(int)
                0x400106e8                GetTcpSocket(TCPPKT*, unsigned long, int)
                0x4000f2c0                socket_struct::MyAdvertisedWindow()
                0x4000f154                SetSocketTxBuffers(int, int)
                0x4000e798                setsockoption(int, int)
                0x4000f60c                TcpSend(socket_struct*, unsigned long, pool_buffer*, unsigned short, unsigned char)
                0x40011d48                TCPTimerTask(void*)
                0x400137ac                process_tcp(pool_buffer*, IPPKT*, unsigned short)
                0x40010b4c                socket_struct::ProcessRST()
                0x40012394                NoBlockconnectvia(unsigned long, unsigned short, unsigned short, unsigned long)
                0x4000eb38                TcpGetLastRxTime(int)
                0x40011e7c                abortsocket
                0x40012f28                socket_struct::ProcessDataSegment(TCPPKT*, unsigned short, unsigned char*, pool_buffer*&)
                0x400121ec                connectvia(unsigned long, unsigned short, unsigned short, unsigned long, unsigned long)
                0x400104a4                HashSocketList::RemoveSocket(socket_struct*) const
                0x40012460                _Socket_Private_write
                0x4000e7d4                getsockoption(int)
                0x40011834                socket_struct::ProcessAck(TCPPKT*)
                0x40012c48                socket_struct::SaveData(unsigned char*, unsigned short, unsigned char)
                0x40010190                GetTcpRtxCount(int)
                0x4000e564                fixoverlap(unsigned long, unsigned long, unsigned long&, unsigned long&)
                0x4000fe30                socket_struct::SetTimer(unsigned long)
                0x4001236c                connect(unsigned long, unsigned short, unsigned short, unsigned long)
                0x4000e868                HashSocketList::HashSocketList()
                0x400123e4                NoBlockConnect(unsigned long, unsigned short, unsigned short, unsigned long)
                0x4000edd0                TcpGetRxBufferSpaceUsed(int)
                0x40010d8c                socket_struct::DoRawSend()
                0x4000ee10                ShowFdTcpSocket(int)
                0x4000f0d8                socket_struct::ClearPending(int)
                0x40010208                ShortSocketList::findsocket(unsigned short, unsigned short, unsigned long) const
                0x400122e4                connect(unsigned long, unsigned short, unsigned short, unsigned long, unsigned long)
                0x4001011c                TcpSendKeepAlive(int)
                0x4000e5e0                getsocketerror(int)
                0x4000e850                EnableTcpDebug(unsigned short)
                0x40011c54                socket_struct::ProcessTimer()
                0x40010c68                socket_struct::SetUpNextRetransmit()
                0x4000e860                HashSocketList::HashSocketList()
                0x4000ed90                TcpGetTxBufferAvailSpace(int)
                0x40012684                SockReadWithTimeout
                0x400100b0                GetFreeSocketCount()
                0x40011ae0                socket_struct::ProcessFIN(TCPPKT*, unsigned short)
                0x4000f338                FixHeaderAndSendTcp(pool_buffer*, IPPKT*, socket_struct*)
                0x4000e808                setsocketackbuffers(int, unsigned char)
                0x4000e778                socket_struct::CleanUpDeletedListener()
                0x4000f444                TcpSendwSum(socket_struct*, unsigned long, pool_buffer*, unsigned short, unsigned char, unsigned long)
                0x400107a8                socket_struct::DoCleanup()
                0x40012d38                socket_struct::TestOutofOrder()
                0x4000eba8                TcpGetLastRxInterval(int)
                0x4000e3e4                GetFirstSeq()
                0x4000fd9c                FREESOCKET(socket_struct*)
                0x40010988                ShortSocketList::AddSocket(socket_struct*)
                0x40011448                socket_struct::DoRetransmit(unsigned char)
                0x4000ea50                ShortSocketList::Init()
                0x400102ac                ShortSocketList::processTick()
                0x40011564                socket_struct::CoreConnect(unsigned long, unsigned short, unsigned short, unsigned long)
                0x40012878                _Socket_Private_close
                0x4001298c                accept(int, unsigned long*, unsigned short*, unsigned short)
                0x4000ea30                ShortSocketList::ShortSocketList()
                0x4000f198                SetSocketRxBuffers(int, int)
                0x400121c8                listen(unsigned long, unsigned short, unsigned char)
                0x4000e870                HashSocketList::Init() const
                0x4000e888                ShortSocketList::GetFreeShort()
                0x4000e648                GetSocketRemoteAddr(int)
                0x40010610                HashSocketList::findsocket(unsigned short, unsigned short, unsigned long) const
                0x4000ed24                WaitForSocketFlush(int, unsigned long)
                0x4000e858                DumpTcpPacket(IPPKT*)
                0x40010a90                RemoveFromUserCloseList(socket_struct*)
                0x4000e428                ValidateTCP(IPPKT*, unsigned short)
                0x4001035c                ShortSocketList::process(pool_buffer*, TCPPKT*, unsigned long) const
                0x4000e414                socket_struct::SetState(int)
                0x4000f1dc                socket_struct::processoptions(pool_buffer*, TCPPKT*, IPPKT*)
                0x40011144                socket_struct::DoClose(int)
                0x40011fb0                GetFreeSocket()
                0x4000e6b0                GetSocketLocalPort(int)
                0x4001055c                HashSocketList::AddSocket(socket_struct*) const
                0x4000e9d0                ShortSocketList::FreeShort(ShortSocket*) const
                0x4000e6e4                socket_struct::CalcRTO(unsigned long)
                0x4000fb00                socket_struct::OpenWindow()
                0x4000fc6c                SendTcpSynRst(IPPKT*)
                0x4000ecd4                TcpAllDataAcked(int)
                0x400110c4                clrsockoption(int, int)
                0x4000eb6c                TcpGetSocketState(int)
                0x4000e848                DumpTcpDebug()
                0x4000e614                GetSocketLocalAddr(int)
                0x400130e4                socket_struct::process(pool_buffer*, TCPPKT*)
                0x4000e504                FindListenSocket(unsigned short, unsigned long, int)
                0x4000eac4                RegisterTCPReadNotify
                0x4000f69c                socket_struct::SendState(unsigned short, pool_buffer*)
 .text          0x400138dc      0x552 C:\nburn/lib/NetBurner.a(http.o)
                0x400138dc                StartHTTP
                0x40013a14                HttpMain(void*)
                0x40013920                processHttpRequest(char**, char*, char*, int, HTTP_Request&)
 *fill*         0x40013e2e        0x2 00
 .text          0x40013e30      0xf48 C:\nburn/lib/NetBurner.a(httpinternal.o)
                0x40013e68                SetNewPostHandler
                0x40014654                BaseDoGet
                0x40013ec8                SetNewMultiPartHandler
                0x40014348                SendHTMLHeader
                0x40013e38                append(char*&, char*)
                0x40013ee0                SetNewMultiPartExtractHandler
                0x40014788                HTTP_Request::Respond(int)
                0x400144f0                writesafestring
                0x40014600                ShowIPOnFd(int, unsigned long)
                0x40014288                SendGifHeader
                0x400142a4                SendTextHeader
                0x400142c0                BaseDoHead
                0x400140dc                BadRequestResponse(int, char const*, char const*)
                0x400141ec                NotFoundResponse
                0x40013e5c                BaseDoPost
                0x40013ef8                SetNewErrorHandler
                0x40013f48                ExtractPostData
                0x40014240                RedirectResponse
                0x400148f8                HTTP_Request::ProcessLine(char*)
                0x40013e98                SetNewGetHandler
                0x40013e30                StopHTTP
                0x40014198                ForbiddenResponse
                0x40013f10                InitHttp()
                0x40013eb0                SetNewHeadHandler
                0x400143d8                writeallsafestring
                0x40013e80                SetNewWSHandler
                0x4001473c                SendHTMLHeaderWCookie
                0x40014364                BaseInterfaceOK(int, HTML_FILE_RECORD*)
                0x40014144                NotAvailableResponse(int, char const*)
 .text          0x40014d78       0x62 C:\nburn/lib/NetBurner.a(httpstricmp.o)
                0x40014d78                httpstricmp
 *fill*         0x40014dda        0x2 00
 .text          0x40014ddc      0x6e4 C:\nburn/lib/NetBurner.a(htmldecomp.o)
                0x40014e80                SendHtml(int, char*, int, char const*)
                0x40015158                SendData(HTML_FILE_RECORD*, int, char const*)
                0x40015218                GetRecordFromName(char*)
                0x40014ddc                SendHeader(int, char const*, unsigned long)
                0x400153e0                SendFullResponse(char*, int)
                0x40015298                SendFileFragment(char*, int, char const*)
                0x40014e74                SendCompressed(int, char*, int)
                0x40015308                SendHeaderResponse(char*, int)
                0x40014e58                SendXMLHeader(int)
 .text          0x400154c0      0x69e C:\nburn/lib/NetBurner.a(iosys.o)
                0x400158fc                SetDataAvail
                0x4001579c                writeall
                0x400157fc                RawCheckSelects()
                0x400158a8                SetHaveError
                0x40015938                RemoveSelect(PendingSelect*)
                0x400158c0                SetWriteAvail
                0x4001568c                ZeroWaitSelect
                0x400159b8                AddSelect(PendingSelect*)
                0x400155e0                FD_ISSET
                0x40015588                ClrDataAvail
                0x40015a10                select
                0x40015570                ClrWriteAvail
                0x40015874                CheckSelects()
                0x40015740                writestring
                0x40015650                countbits(fd_set*)
                0x400154c0                FD_OVERLAP(fd_set*, fd_set*)
                0x40015710                dataavail
                0x400154fc                FD_ZERO
                0x400155a0                FD_SET
                0x40015558                ClrHaveError
                0x4001562c                countdwbits(unsigned long)
                0x40015ab0                ReadWithTimeout
                0x40015514                FD_CLR
 *fill*         0x40015b5e        0x2 00
 .text          0x40015b60      0x71c C:\nburn/lib/NetBurner.a(autoip.o)
                0x40015d9c                AutoIPClient::AutoIPClient(int)
                0x40015c7c                AutoIPClient::stop()
                0x400160c8                AutoIPClient::arpCheck()
                0x40015bec                AutoIPClient::getNextTick()
                0x40015f24                AutoIPClient::announce()
                0x40015ba0                AutoIPClient::addressCollision()
                0x40015bdc                AutoIPClient::getState()
                0x40016000                AutoIPClient::startArp()
                0x40016224                AutoIPClient::staticTimeTick()
                0x40015b60                AutoIPClient::start()
                0x40015e18                AutoIPClient::AutoIPClient(int)
                0x40015bfc                AutoIPClient::tickDelay(int)
                0x40015c24                AutoIPClient::negotiate()
                0x40015f68                AutoIPClient::setRNG()
                0x40015d38                AutoIPClient::~AutoIPClient()
                0x400161b4                AutoIPClient::timeTick()
                0x40015cb4                AutoIPClient::restart()
                0x40015e94                AddAutoIPInterface(int)
                0x40015cd4                AutoIPClient::~AutoIPClient()
                0x40015fc4                AutoIPClient::generateNewIPAddr()
 .text          0x4001627c      0x4b2 C:\nburn/lib/NetBurner.a(netinterface.o)
                0x40016660                InitializeNetwork(void (*)(pool_buffer*, EFRAME*, unsigned short), void (*)(pool_buffer*, EFRAME*))
                0x40016334                InterfaceIP(int)
                0x40016428                GetEframe(pool_buffer*)
                0x40016600                SaveIfConfig(ConfigRecord*, int)
                0x400164f4                RegisterMultiHomeInterface(_InterfaceBlock*)
                0x4001627c                GetFirstInterface()
                0x40016630                GetIfConfig(int)
                0x400163e4                InterfaceMAC(int)
                0x400162e0                GetInterFaceBlock(int)
                0x40016360                InterfaceDNS(int)
                0x4001638c                InterfaceMASK(int)
                0x4001629c                GetnextInterface(int)
                0x400166cc                TransmitBuffer(pool_buffer*, int)
                0x40016494                DisableMulticast(MACADR, int)
                0x4001655c                RegisterInterface(_InterfaceBlock*)
                0x4001643c                EnableMulticast(MACADR, int)
                0x400165cc                Removeinterface(int)
                0x400164ec                StopNetworks()
                0x4001630c                GetInterfaceNumber(_InterfaceBlock*)
                0x400163b8                InterfaceGate(int)
 *fill*         0x4001672e        0x2 00
 .text          0x40016730      0x5c8 C:\nburn/lib/NetBurner.a(taskmon.o)
                0x40016c38                ProcessTaskPacket(UDPPacket&, int)
                0x40016730                EnableTaskMonitor()
                0x40016744                BufferDumpTCBState(os_tcb*)
 .text          0x40016cf8     0x131e C:\nburn/lib/NetBurner.a(smarttrap.o)
                0x40016d2c                EnableSmartTraps()
                0x40016e0c                WalkStack(os_tcb*, unsigned long, unsigned long)
                0x400172ec                smart_trap_asm
                0x4001710c                Local_OutTCBState(os_tcb*, unsigned long, unsigned long)
                0x40016cf8                SafeRead(unsigned long)
                0x40016d48                Local_OutHex(unsigned long, int)
                0x400172e4                Smart_Trap_Holder()
                0x40016ddc                Local_OutString(char const*)
                0x40016e88                Local_ShowTaskName(os_tcb volatile*)
 *fill*         0x40018016        0x2 00
 .text          0x40018018      0x538 C:\nburn/lib/NetBurner.a(autoupdate.o)
                0x400184a0                ProcessAutoUpdatePacket(UDPPacket&)
                0x400181d4                DoData(UDPPacket&)
                0x40018018                EnableAutoUpdate
                0x4001802c                DoReboot()
                0x4001805c                DoExecute(UDPPacket&, int)
                0x400182c4                DoStart(UDPPacket&)
 .text          0x40018550       0x52 C:\nburn/lib/NetBurner.a(device.o)
                0x40018570                DeviceInitializeSem
                0x40018550                DeviceGetQspiSem()
                0x40018560                DeviceGetI2cSem()
 *fill*         0x400185a2        0x2 00
 .text          0x400185a4     0x1c74 C:\nburn/lib/NetBurner.a(nbiprintf.o)
                0x40018628                decimallenull(unsigned long long)
                0x40018a9c                Put20Chars(void*, int (*)(void*, char const*, int), int, char const*)
                0x40018c2c                NormalGetNextParamFunction(void*)
                0x400185a4                decimallen(unsigned long)
                0x40018afc                prespace(int, unsigned long, int, int (*)(void*, char const*, int), void*, int&)
                0x4001a1cc                NB_internal_iprintf(int (*)(void*, char const*, int), void*, unsigned long*)
                0x40018bac                leadzero(int, unsigned long, int, int (*)(void*, char const*, int), void*, int&)
                0x4001a1fc                putchars(void*, char const*, int)
                0x40018b54                postspace(int, unsigned long, int, int (*)(void*, char const*, int), void*, int&)
                0x40018828                octlen(unsigned long)
                0x400188bc                binlen(unsigned long)
                0x40018bfc                FillHex(char*, unsigned long)
                0x400190a0                NB_internal_iprintf_ind(int (*)(void*, char const*, int), void*, unsigned long (*)(void*), void*)
                0x4001a1e8                iprintf
                0x40018eac                CoreDec(unsigned long, int (*)(void*, char const*, int), void*, pfstate&)
                0x400187e4                hexlenull(unsigned long long)
                0x40018c40                CoreLongLongDec(unsigned long long, int (*)(void*, char const*, int), void*, pfstate&)
                0x40018778                hexlen(unsigned long)
 .text          0x4001a218       0xe2 C:\nburn/lib/NetBurner.a(nbsiprintf.o)
                0x4001a218                sniprintf
                0x4001a284                putstrchars(void*, char const*, int)
                0x4001a250                siprintf
 *fill*         0x4001a2fa        0x2 00
 .text          0x4001a2fc        0x0 C:\nburn/lib/NetBurner.a(websocket_handler.o)
 .text          0x4001a2fc      0x6a0 C:\nburn/lib/NetBurner.a(system.o)
                0x4001a694                UpdateConfigRecord_Num
                0x4001a350                RawGetConfig
                0x4001a2fc                isvalidcr
                0x4001a858                SetupDialog
                0x4001a40c                ReadLine
                0x4001a844                UpdateConfigRecord
                0x4001a37c                GetValidConfig
                0x4001a5e0                IpQuestion
                0x4001a3a4                ShowChange
 .text          0x4001a99c      0xd08 C:\nburn/lib/NetBurner.a(utils.o)
                0x4001b40c                fShowMac
                0x4001ac10                FancyDump(unsigned char*, int)
                0x4001b540                ShowCounters
                0x4001aa3c                ValidIPv4
                0x4001ab58                convertHexAsciiToBinary
                0x4001add0                ShowData
                0x4001b468                snShowIP
                0x4001a99c                kill
                0x4001b5a8                fShowCounters
                0x4001b3cc                fShowIP
                0x4001a9ac                _fini
                0x4001ad3c                ShowIP
                0x4001a9b8                AsciiToIp
                0x4001b620                sShowCounters
                0x4001b50c                DiagMenuPicker(int, unsigned char)
                0x4001ad78                ShowMac
                0x4001aac0                convertBinaryToHexAscii
                0x4001abf8                __builtin_delete
                0x4001a9a4                _exit
                0x4001b4ac                snShowMac
 .text          0x4001b6a4      0x2b0 C:\nburn/lib/NetBurner.a(extraio.o)
                0x4001b6d4                ExpandWrite(int, char const*, int)
                0x4001b8e4                GetExtraInterface
                0x4001b770                GetExtraFDwIntf
                0x4001b704                ExpandClose(int)
                0x4001b734                InitExtras()
                0x4001b81c                GetExtraFD
                0x4001b6a4                ExpandRead(int, char*, int)
                0x4001b918                GetFreeExtraFDCount
                0x4001b834                FreeExtraFd
                0x4001b878                GetExtraData
                0x4001b8ac                GetExtraExtraData
 .text          0x4001b954       0x26 C:\nburn/lib/NetBurner.a(new_ops.o)
                0x4001b954                operator new(unsigned long)
 *fill*         0x4001b97a        0x2 00
 .text          0x4001b97c       0xbc C:\nburn/lib/MOD5441X.a(localio.o)
                0x4001b97c                GetUartRecord
                0x4001b9c0                GetDefUart
                0x4001b9d4                LocalInByte
                0x4001b9f0                LocalOutByte
                0x4001ba24                LocalCharAvail
 .text          0x4001ba38     0x2202 C:\nburn/lib/MOD5441X.a(serial.o)
                0x4001ba64                WakeTx(int)
                0x4001ba38                FdSerialMap(int)
                0x4001cd80                SerialClose
                0x4001c054                fake_SER_7_ISR()
                0x4001db3c                real_SER_5_ISR
                0x4001cd0c                SendBreak
                0x4001d544                OpenSerial
                0x4001c844                GetUartErrorReg
                0x4001bdc8                fake_SER_0_ISR()
                0x4001c0ac                SER_8_ISR
                0x4001be70                real_SER_1_ISR
                0x4001db7c                real_SER_4_ISR
                0x4001ca8c                fShowSerialData(__sFILE*)
                0x4001da7c                real_SER_8_ISR
                0x4001bfac                fake_SER_5_ISR()
                0x4001c004                SER_6_ISR
                0x4001beb0                fake_SER_2_ISR()
                0x4001c9bc                SerialSendComplete
                0x4001c150                SerialEnableTxFlow
                0x4001c198                SerialEnableRxFlow
                0x4001dabc                real_SER_7_ISR
                0x4001baf8                DoSerIsr(int)
                0x4001c5a8                Serial485HalfDupMode
                0x4001dbbc                real_SER_3_ISR
                0x4001c100                SER_9_ISR
                0x4001bf08                SER_3_ISR
                0x4001c0fc                fake_SER_9_ISR()
                0x4001bfb0                SER_5_ISR
                0x4001da00                real_SER_0_ISR
                0x4001c3d4                SerialEnableHwRxFlow
                0x4001d060                serread
                0x4001d380                BasePutChar(int, unsigned char)
                0x4001d07c                BaseGetChar(int)
                0x4001dbfc                real_SER_2_ISR
                0x4001bf5c                SER_4_ISR
                0x4001be20                SER_1_ISR
                0x4001ce74                serreadwto
                0x4001d4a4                InitializeMaps()
                0x4001bdcc                SER_0_ISR
                0x4001d284                serwriteaddress
                0x4001c058                SER_7_ISR
                0x4001da3c                real_SER_9_ISR
                0x4001d13c                serwrite
                0x4001ca3c                SerialExpandRxBuffer(int, int)
                0x4001ce50                serexternalclose
                0x4001c000                fake_SER_6_ISR()
                0x4001beb4                SER_2_ISR
                0x4001bf58                fake_SER_4_ISR()
                0x4001c0a8                fake_SER_8_ISR()
                0x4001be1c                fake_SER_1_ISR()
                0x4001bf04                fake_SER_3_ISR()
                0x4001dafc                real_SER_6_ISR
                0x4001c1e4                SerialEnableHwTxFlow
 *fill*         0x4001dc3a        0x2 00
 .text          0x4001dc3c     0x2662 C:\nburn/lib/MOD5441X.a(ethernet.o)
                0x4001efb0                AddEthernetInterface()
                0x4001df50                StopEnet0()
                0x4001f624                EthernetVars::EthTransmitBuffer(pool_buffer*)
                0x4001e0ac                EtherLink()
                0x4001fa2c                real_txenetisr0
                0x4001ff90                real_txenetisr1
                0x4001f7e0                EthernetVars::TxIsrProc(unsigned long volatile&, unsigned long, unsigned long)
                0x4001dd3c                txenetisr1
                0x4001e02c                EtherSpeed100()
                0x4001e150                EthernetVars::SetPromiscuous(unsigned char)
                0x4001eca4                EthernetVars::InitializeEthernet(int, int, MACADR&)
                0x4001defc                EthernetVars::StopEnet()
                0x4001e0ec                EtherLink0()
                0x4001f7c8                EthTransmitBuffer0(pool_buffer*)
                0x4001fd10                EthernetVars::ProcessRxBuffer(pool_buffer*)
                0x4001fa60                EthernetVars::RxIsrProc(unsigned long volatile&, unsigned long, unsigned long)
                0x4001fca8                real_rxenetisr1
                0x4001de18                EthernetVars::GetMII(unsigned char)
                0x4001e724                EthernetVars::ResetEnet()
                0x4001dc40                rxenetisr0
                0x4001ded0                EthernetVars::SetMII(unsigned char, unsigned short)
                0x4001dc94                txenetisr0
                0x4001de3c                EthernetVars::SetMII(unsigned char, unsigned char, unsigned short)
                0x4001e21c                EthernetVars::ResetEnetPart2()
                0x4001f2e4                EnablePHY()
                0x4001f228                EthernetVars::EnablePHY()
                0x4001f180                EthernetVars::ManualEthernetConfig(unsigned char, unsigned char, unsigned char)
                0x4001df64                EthernetVars::DisablePHY()
                0x4001e1d0                EthMultifunc0(MACADR, unsigned char)
                0x4001ff28                real_rxenetisr0
                0x4001e190                SetPromiscuous(unsigned char)
                0x4001dd8c                EthernetVars::GetMII(unsigned char, unsigned char)
                0x4001dc90                fake_txenetisr0()
                0x4001f2f8                EthernetVars::ProcessDuplexStatus(unsigned short)
                0x4001e018                DisablePHY()
                0x4001f1f8                ManualEthernetConfig(unsigned char, unsigned char, unsigned char)
                0x4001f0d4                EthernetVars::WarmEnetReset()
                0x4001fff8                Ether_ProcessTask(void*)
                0x4001e06c                EtherDuplex()
                0x4001dd38                fake_txenetisr1()
                0x4001dce4                fake_rxenetisr1()
                0x4001dc3c                fake_rxenetisr0()
                0x4001dce8                rxenetisr1
 *fill*         0x4002029e        0x2 00
 .text          0x400202a0      0xc80 C:\nburn/lib/MOD5441X.a(etherprint.o)
                0x40020690                EthernetVars::ShowLinkStatus()
                0x40020f0c                denet()
                0x400202dc                ShowESWRegisters()
                0x40020764                EthernetVars::ShowMII(unsigned char, unsigned char, char const*, unsigned short)
                0x40020a88                EthernetVars::ShowFECRegisters()
                0x400207d4                EthernetVars::ShowPhyterMII()
                0x400202b4                EthernetVars::EtherSpeed100()
                0x400202a0                EthernetVars::EtherLink()
                0x400202c8                EthernetVars::EtherDuplex()
                0x40020ef8                dEnet()
                0x40020eb4                DoDumpEnet
                0x40020604                showbinary(unsigned short, unsigned short)
 .text          0x40020f20      0x35a C:\nburn/lib/MOD5441X.a(emulticast.o)
                0x400210c8                EthernetVars::EthEnableMulticast(MACADR)
                0x40020f20                GetMultiCastCRC(MACADR)
                0x40020f60                EthernetVars::EthDisableMulticast(MACADR)
 *fill*         0x4002127a        0x2 00
 .text          0x4002127c      0x2b6 C:\nburn/lib/MOD5441X.a(ether2nd.o)
                0x400214ec                EtherLink1()
                0x4002151c                StopEnet1()
                0x400214bc                EthTransmitBuffer1(pool_buffer*)
                0x4002127c                Add2ndEthernet()
                0x40021470                EthMultifunc1(MACADR, unsigned char)
 *fill*         0x40021532        0x2 00
 .text          0x40021534      0x6f4 C:\nburn/lib/MOD5441X.a(etherswitch.o)
                0x4002191c                eswlrnisr
                0x40021918                fake_eswlrnisr()
                0x40021564                SetMacEntry(unsigned long, unsigned long, unsigned long)
                0x40021870                fake_rxeswitchisr()
                0x40021620                UpdateMacTable(bool, long, unsigned char*, unsigned int, unsigned int)
                0x40021b80                real_txeswitchisr
                0x400215d0                crc8_calc(unsigned char*)
                0x40021590                ClearMacTable()
                0x40021874                rxeswitchisr
                0x4002196c                real_eswlrnisr
                0x400218c4                fake_txeswitchisr()
                0x400219f4                EtherSwitchInit()
                0x400218c8                txeswitchisr
                0x400217ec                InitMacTable()
                0x40021534                GetMacEntry(unsigned long, unsigned long*, unsigned long*)
                0x40021bd4                real_rxeswitchisr
 .text          0x40021c28        0x0 C:\nburn/lib/MOD5441X.a(weak_autoenet_var.o)
 .text          0x40021c28      0x1f2 C:\nburn/lib/NetBurner.a(netrx.o)
                0x40021c28                NetDoRX(pool_buffer*, unsigned short, int)
 *fill*         0x40021e1a        0x2 00
 .text          0x40021e1c      0x172 C:\nburn/lib/NetBurner.a(multiconfig.o)
                0x40021e1c                SetupIFConfigRec(_InterfaceBlock&)
 *fill*         0x40021f8e        0x2 00
 .text          0x40021f90        0x0 c:/nburn/gcc-m68k/bin/../lib/gcc/m68k-elf/4.2.1/../../../../m68k-elf/lib/m5206e\libstdc++.a(del_op.o)
 .text          0x40021f90      0x4f6 c:/nburn/gcc-m68k/bin/../lib/gcc/m68k-elf/4.2.1/m5206e\libgcc.a(_udivdi3.o)
                0x40021f90                __udivdi3
 *fill*         0x40022486        0x2 00
 .text          0x40022488      0x4f8 c:/nburn/gcc-m68k/bin/../lib/gcc/m68k-elf/4.2.1/m5206e\libgcc.a(_umoddi3.o)
                0x40022488                __umoddi3
 .text          0x40022980        0x0 c:/nburn/gcc-m68k/bin/../lib/gcc/m68k-elf/4.2.1/m5206e\libgcc.a(_clz.o)
 .text          0x40022980       0x34 c:/nburn/gcc-m68k/bin/../lib/gcc/m68k-elf/4.2.1/../../../../m68k-elf/lib/m5206e\libc.a(lib_a-atoi.o)
                0x40022980                _atoi_r
                0x4002299c                atoi
 .text          0x400229b4       0x64 c:/nburn/gcc-m68k/bin/../lib/gcc/m68k-elf/4.2.1/../../../../m68k-elf/lib/m5206e\libc.a(lib_a-bsearch.o)
                0x400229b4                bsearch
 .text          0x40022a18       0x1e c:/nburn/gcc-m68k/bin/../lib/gcc/m68k-elf/4.2.1/../../../../m68k-elf/lib/m5206e\libc.a(lib_a-cxa_atexit.o)
                0x40022a18                __cxa_atexit
 *fill*         0x40022a36        0x2 00
 .text          0x40022a38        0xe c:/nburn/gcc-m68k/bin/../lib/gcc/m68k-elf/4.2.1/../../../../m68k-elf/lib/m5206e\libc.a(lib_a-errno.o)
                0x40022a38                __errno
 *fill*         0x40022a46        0x2 00
 .text          0x40022a48       0x24 c:/nburn/gcc-m68k/bin/../lib/gcc/m68k-elf/4.2.1/../../../../m68k-elf/lib/m5206e\libc.a(lib_a-fiprintf.o)
                0x40022a48                fiprintf
 .text          0x40022a6c        0x0 c:/nburn/gcc-m68k/bin/../lib/gcc/m68k-elf/4.2.1/../../../../m68k-elf/lib/m5206e\libc.a(lib_a-impure.o)
 .text          0x40022a6c       0x1c c:/nburn/gcc-m68k/bin/../lib/gcc/m68k-elf/4.2.1/../../../../m68k-elf/lib/m5206e\libc.a(lib_a-isspace.o)
                0x40022a6c                isspace
 .text          0x40022a88       0x32 c:/nburn/gcc-m68k/bin/../lib/gcc/m68k-elf/4.2.1/../../../../m68k-elf/lib/m5206e\libc.a(lib_a-malloc.o)
                0x40022aa2                malloc
                0x40022a88                free
 *fill*         0x40022aba        0x2 00
 .text          0x40022abc      0x78c c:/nburn/gcc-m68k/bin/../lib/gcc/m68k-elf/4.2.1/../../../../m68k-elf/lib/m5206e\libc.a(lib_a-mallocr.o)
                0x40022abc                _malloc_r
 .text          0x40023248       0x8a c:/nburn/gcc-m68k/bin/../lib/gcc/m68k-elf/4.2.1/../../../../m68k-elf/lib/m5206e\libc.a(lib_a-puts.o)
                0x40023248                _puts_r
                0x400232bc                puts
 *fill*         0x400232d2        0x2 00
 .text          0x400232d4       0x6a c:/nburn/gcc-m68k/bin/../lib/gcc/m68k-elf/4.2.1/../../../../m68k-elf/lib/m5206e\libc.a(lib_a-rand.o)
                0x400232ec                rand
                0x400232d4                srand
 *fill*         0x4002333e        0x2 00
 .text          0x40023340       0x4e c:/nburn/gcc-m68k/bin/../lib/gcc/m68k-elf/4.2.1/../../../../m68k-elf/lib/m5206e\libc.a(lib_a-rget.o)
                0x4002337a                __srget
                0x40023340                __srget_r
 *fill*         0x4002338e        0x2 00
 .text          0x40023390      0x1ee c:/nburn/gcc-m68k/bin/../lib/gcc/m68k-elf/4.2.1/../../../../m68k-elf/lib/m5206e\libc.a(lib_a-setvbuf.o)
                0x40023390                setvbuf
 *fill*         0x4002357e        0x2 00
 .text          0x40023580       0x92 c:/nburn/gcc-m68k/bin/../lib/gcc/m68k-elf/4.2.1/../../../../m68k-elf/lib/m5206e\libc.a(lib_a-strcasecmp.o)
                0x40023580                strcasecmp
 *fill*         0x40023612        0x2 00
 .text          0x40023614       0x1a c:/nburn/gcc-m68k/bin/../lib/gcc/m68k-elf/4.2.1/../../../../m68k-elf/lib/m5206e\libc.a(lib_a-strlen.o)
                0x40023614                strlen
 *fill*         0x4002362e        0x2 00
 .text          0x40023630       0x46 c:/nburn/gcc-m68k/bin/../lib/gcc/m68k-elf/4.2.1/../../../../m68k-elf/lib/m5206e\libc.a(lib_a-strstr.o)
                0x40023630                strstr
 *fill*         0x40023676        0x2 00
 .text          0x40023678      0x18a c:/nburn/gcc-m68k/bin/../lib/gcc/m68k-elf/4.2.1/../../../../m68k-elf/lib/m5206e\libc.a(lib_a-strtol.o)
                0x400237e4                strtol
                0x40023678                _strtol_r
 *fill*         0x40023802        0x2 00
 .text          0x40023804       0x26 c:/nburn/gcc-m68k/bin/../lib/gcc/m68k-elf/4.2.1/../../../../m68k-elf/lib/m5206e\libc.a(lib_a-toupper.o)
                0x40023804                toupper
 *fill*         0x4002382a        0x2 00
 .text          0x4002382c     0x1280 c:/nburn/gcc-m68k/bin/../lib/gcc/m68k-elf/4.2.1/../../../../m68k-elf/lib/m5206e\libc.a(lib_a-vfiprintf.o)
                0x40024a8e                vfiprintf
                0x40023870                _vfiprintf_r
 .text          0x40024aac      0x124 c:/nburn/gcc-m68k/bin/../lib/gcc/m68k-elf/4.2.1/../../../../m68k-elf/lib/m5206e\libc.a(lib_a-wbuf.o)
                0x40024aac                __swbuf_r
                0x40024bb6                __swbuf
 .text          0x40024bd0       0x7c c:/nburn/gcc-m68k/bin/../lib/gcc/m68k-elf/4.2.1/../../../../m68k-elf/lib/m5206e\libc.a(lib_a-wcrtomb.o)
                0x40024bd0                _wcrtomb_r
                0x40024c30                wcrtomb
 .text          0x40024c4c      0x130 c:/nburn/gcc-m68k/bin/../lib/gcc/m68k-elf/4.2.1/../../../../m68k-elf/lib/m5206e\libc.a(lib_a-wcsrtombs.o)
                0x40024c4c                _wcsrtombs_r
                0x40024d5a                wcsrtombs
 .text          0x40024d7c      0x452 c:/nburn/gcc-m68k/bin/../lib/gcc/m68k-elf/4.2.1/../../../../m68k-elf/lib/m5206e\libc.a(lib_a-wctomb_r.o)
                0x40024d7c                _wctomb_r
 *fill*         0x400251ce        0x2 00
 .text          0x400251d0      0x130 c:/nburn/gcc-m68k/bin/../lib/gcc/m68k-elf/4.2.1/../../../../m68k-elf/lib/m5206e\libc.a(lib_a-wsetup.o)
                0x400251d0                __swsetup
 .text          0x40025300       0xe8 c:/nburn/gcc-m68k/bin/../lib/gcc/m68k-elf/4.2.1/../../../../m68k-elf/lib/m5206e\libc.a(lib_a-__atexit.o)
                0x40025300                __register_exitproc
 .text          0x400253e8        0x0 c:/nburn/gcc-m68k/bin/../lib/gcc/m68k-elf/4.2.1/../../../../m68k-elf/lib/m5206e\libc.a(lib_a-ctype_.o)
 .text          0x400253e8      0x198 c:/nburn/gcc-m68k/bin/../lib/gcc/m68k-elf/4.2.1/../../../../m68k-elf/lib/m5206e\libc.a(lib_a-fflush.o)
                0x400253e8                fflush
 .text          0x40025580      0x25e c:/nburn/gcc-m68k/bin/../lib/gcc/m68k-elf/4.2.1/../../../../m68k-elf/lib/m5206e\libc.a(lib_a-findfp.o)
                0x400255da                __sinit
                0x40025692                __sfmoreglue
                0x40025680                _cleanup
                0x40025666                _cleanup_r
                0x40025700                __sfp
 *fill*         0x400257de        0x2 00
 .text          0x400257e0      0x422 c:/nburn/gcc-m68k/bin/../lib/gcc/m68k-elf/4.2.1/../../../../m68k-elf/lib/m5206e\libc.a(lib_a-freer.o)
                0x400258d0                _free_r
                0x400257e0                _malloc_trim_r
 *fill*         0x40025c02        0x2 00
 .text          0x40025c04      0x37e c:/nburn/gcc-m68k/bin/../lib/gcc/m68k-elf/4.2.1/../../../../m68k-elf/lib/m5206e\libc.a(lib_a-fvwrite.o)
                0x40025c04                __sfvwrite_r
 *fill*         0x40025f82        0x2 00
 .text          0x40025f84       0xe4 c:/nburn/gcc-m68k/bin/../lib/gcc/m68k-elf/4.2.1/../../../../m68k-elf/lib/m5206e\libc.a(lib_a-fwalk.o)
                0x40025f84                _fwalk
                0x40025ff4                _fwalk_reent
 .text          0x40026068       0xa6 c:/nburn/gcc-m68k/bin/../lib/gcc/m68k-elf/4.2.1/../../../../m68k-elf/lib/m5206e\libc.a(lib_a-locale.o)
                0x40026096                _setlocale_r
                0x40026068                __locale_charset
                0x40026076                _localeconv_r
                0x400260f6                setlocale
                0x40026084                localeconv
 *fill*         0x4002610e        0x2 00
 .text          0x40026110      0x178 c:/nburn/gcc-m68k/bin/../lib/gcc/m68k-elf/4.2.1/../../../../m68k-elf/lib/m5206e\libc.a(lib_a-makebuf.o)
                0x40026110                __smakebuf
 .text          0x40026288       0xd2 c:/nburn/gcc-m68k/bin/../lib/gcc/m68k-elf/4.2.1/../../../../m68k-elf/lib/m5206e\libc.a(lib_a-memchr.o)
                0x40026288                memchr
 *fill*         0x4002635a        0x2 00
 .text          0x4002635c       0xb6 c:/nburn/gcc-m68k/bin/../lib/gcc/m68k-elf/4.2.1/../../../../m68k-elf/lib/m5206e\libc.a(lib_a-memmove.o)
                0x4002635c                memmove
 *fill*         0x40026412        0x2 00
 .text          0x40026414      0x502 c:/nburn/gcc-m68k/bin/../lib/gcc/m68k-elf/4.2.1/../../../../m68k-elf/lib/m5206e\libc.a(lib_a-reallocr.o)
                0x40026414                _realloc_r
 *fill*         0x40026916        0x2 00
 .text          0x40026918      0x21c c:/nburn/gcc-m68k/bin/../lib/gcc/m68k-elf/4.2.1/../../../../m68k-elf/lib/m5206e\libc.a(lib_a-refill.o)
                0x4002693c                __srefill_r
 .text          0x40026b34      0x162 c:/nburn/gcc-m68k/bin/../lib/gcc/m68k-elf/4.2.1/../../../../m68k-elf/lib/m5206e\libc.a(lib_a-stdio.o)
                0x40026b52                __sseek
                0x40026c44                __sread
                0x40026b34                __sclose
                0x40026bb4                __swrite
 *fill*         0x40026c96        0x2 00
 .text          0x40026c98       0x70 c:/nburn/gcc-m68k/bin/../lib/gcc/m68k-elf/4.2.1/../../../../m68k-elf/lib/m5206e\libc.a(lib_a-strcmp.o)
                0x40026c98                strcmp
 .text          0x40026d08       0x3e c:/nburn/gcc-m68k/bin/../lib/gcc/m68k-elf/4.2.1/../../../../m68k-elf/lib/m5206e\libc.a(lib_a-writer.o)
                0x40026d08                _write_r
 *fill*         0x40026d46        0x2 00
 .text          0x40026d48       0x32 c:/nburn/gcc-m68k/bin/../lib/gcc/m68k-elf/4.2.1/../../../../m68k-elf/lib/m5206e\libc.a(lib_a-closer.o)
                0x40026d48                _close_r
 *fill*         0x40026d7a        0x2 00
 .text          0x40026d7c       0xfe c:/nburn/gcc-m68k/bin/../lib/gcc/m68k-elf/4.2.1/../../../../m68k-elf/lib/m5206e\libc.a(lib_a-fclose.o)
                0x40026d7c                _fclose_r
                0x40026e64                fclose
 *fill*         0x40026e7a        0x2 00
 .text          0x40026e7c       0x36 c:/nburn/gcc-m68k/bin/../lib/gcc/m68k-elf/4.2.1/../../../../m68k-elf/lib/m5206e\libc.a(lib_a-fstatr.o)
                0x40026e7c                _fstat_r
 *fill*         0x40026eb2        0x2 00
 .text          0x40026eb4       0x3e c:/nburn/gcc-m68k/bin/../lib/gcc/m68k-elf/4.2.1/../../../../m68k-elf/lib/m5206e\libc.a(lib_a-lseekr.o)
                0x40026eb4                _lseek_r
 *fill*         0x40026ef2        0x2 00
 .text          0x40026ef4       0x3e c:/nburn/gcc-m68k/bin/../lib/gcc/m68k-elf/4.2.1/../../../../m68k-elf/lib/m5206e\libc.a(lib_a-readr.o)
                0x40026ef4                _read_r
 *fill*         0x40026f32        0x2 00
 .text          0x40026f34       0x72 c:/nburn/gcc-m68k/bin/../lib/gcc/m68k-elf/4.2.1/m5206e\libgcc.a(_muldi3.o)
                0x40026f34                __muldi3
 *fill*         0x40026fa6        0x2 00
 .text          0x40026fa8       0x32 c:/nburn/gcc-m68k/bin/../lib/gcc/m68k-elf/4.2.1/m5206e/crtend.o
                0x40026fe0                . = ALIGN (0x10)
 *fill*         0x40026fda        0x6 00
 *(.text.*)
 .text._ZdlPv   0x40026fe0       0x16 c:/nburn/gcc-m68k/bin/../lib/gcc/m68k-elf/4.2.1/../../../../m68k-elf/lib/m5206e\libstdc++.a(del_op.o)
                0x40026fe0                operator delete(void*)
                0x40027000                . = ALIGN (0x10)
 *fill*         0x40026ff6        0xa 00
 *(.eh_frame)
 .eh_frame      0x40027000        0x0 c:/nburn/gcc-m68k/bin/../lib/gcc/m68k-elf/4.2.1/m5206e/crtbegin.o
 .eh_frame      0x40027000       0x40 c:/nburn/gcc-m68k/bin/../lib/gcc/m68k-elf/4.2.1/m5206e\libgcc.a(_udivdi3.o)
 .eh_frame      0x40027040       0x2c c:/nburn/gcc-m68k/bin/../lib/gcc/m68k-elf/4.2.1/m5206e\libgcc.a(_umoddi3.o)
                                 0x40 (size before relaxing)
 .eh_frame      0x4002706c        0x4 c:/nburn/gcc-m68k/bin/../lib/gcc/m68k-elf/4.2.1/m5206e/crtend.o
                0x40027070                . = ALIGN (0x10)
 *fill*         0x40027070        0x0 00
 *(.gnu.linkonce.t.*)
                0x40027070                . = ALIGN (0x4)
                0x40027070                __CTOR_LIST__ = .
 *(.ctors)
 .ctors         0x40027070        0x4 c:/nburn/gcc-m68k/bin/../lib/gcc/m68k-elf/4.2.1/m5206e/crtbegin.o
 .ctors         0x40027074        0x4 lab1.o
 .ctors         0x40027078        0x4 C:\nburn/lib/MOD5441X.a(dspi.o)
 .ctors         0x4002707c        0x4 C:\nburn/lib/NetBurner.a(ip.o)
 .ctors         0x40027080        0x4 C:\nburn/lib/NetBurner.a(buffers.o)
 .ctors         0x40027084        0x4 C:\nburn/lib/NetBurner.a(tcp.o)
 .ctors         0x40027088        0x4 C:\nburn/lib/MOD5441X.a(serial.o)
 .ctors         0x4002708c        0x4 c:/nburn/gcc-m68k/bin/../lib/gcc/m68k-elf/4.2.1/m5206e/crtend.o
                0x40027090                __CTOR_END__ = .
                0x40027090        0x4 LONG 0x0
                0x40027094                __CTOR_END__ = .
                0x40027094                __DTOR_LIST__ = .
                0x40027094                ___DTOR_LIST__ = .
                0x40027094        0x4 LONG 0x2 (((__DTOR_END__ - __DTOR_LIST__) / 0x4) - 0x2)
 *(.dtors)
 .dtors         0x40027098        0x4 c:/nburn/gcc-m68k/bin/../lib/gcc/m68k-elf/4.2.1/m5206e/crtbegin.o
 .dtors         0x4002709c        0x4 c:/nburn/gcc-m68k/bin/../lib/gcc/m68k-elf/4.2.1/m5206e/crtend.o
                0x400270a0        0x4 LONG 0x0
                0x400270a4                __DTOR_END__ = .
 *(.rodata)
 .rodata        0x400270a4       0x97 lab1.o
 .rodata        0x4002713b      0x690 LCD.o
 *fill*         0x400277cb        0x1 00
 .rodata        0x400277cc       0x63 htmldata.o
                0x400277cc                n_file_record
                0x400277d0                file_record
 .rodata        0x4002782f      0x108 C:\nburn/lib/NetBurner.a(ucos.o)
                0x40027837                FAKE_OSUnMapTbl
                0x4002782f                FAKE_OSMapTbl
 *fill*         0x40027937        0x9 00
 .rodata        0x40027940        0x4 C:\nburn/lib/NetBurner.a(buffers.o)
 .rodata        0x40027944        0x2 C:\nburn/lib/NetBurner.a(udp.o)
 .rodata        0x40027946        0xd C:\nburn/lib/NetBurner.a(tcp.o)
 *fill*         0x40027953        0x1 00
 .rodata        0x40027954       0xb8 C:\nburn/lib/NetBurner.a(utils.o)
 .rodata        0x40027a0c       0x50 C:\nburn/lib/MOD5441X.a(serial.o)
 .rodata        0x40027a5c      0x400 C:\nburn/lib/MOD5441X.a(emulticast.o)
 .rodata        0x40027e5c        0x1 C:\nburn/lib/MOD5441X.a(weak_autoenet_var.o)
                0x40027e5c                bAutomatic2ndEther
 .rodata        0x40027e5d      0x100 c:/nburn/gcc-m68k/bin/../lib/gcc/m68k-elf/4.2.1/m5206e\libgcc.a(_clz.o)
                0x40027e5d                __clz_tab
 *fill*         0x40027f5d        0x1 00
 .rodata        0x40027f5e        0x4 c:/nburn/gcc-m68k/bin/../lib/gcc/m68k-elf/4.2.1/../../../../m68k-elf/lib/m5206e\libc.a(lib_a-impure.o)
                0x40027f5e                _global_impure_ptr
 .rodata        0x40027f62       0x20 c:/nburn/gcc-m68k/bin/../lib/gcc/m68k-elf/4.2.1/../../../../m68k-elf/lib/m5206e\libc.a(lib_a-vfiprintf.o)
 .rodata        0x40027f82      0x101 c:/nburn/gcc-m68k/bin/../lib/gcc/m68k-elf/4.2.1/../../../../m68k-elf/lib/m5206e\libc.a(lib_a-ctype_.o)
                0x40027f82                _ctype_
 *fill*         0x40028083        0x1 00
 .rodata        0x40028084       0x34 c:/nburn/gcc-m68k/bin/../lib/gcc/m68k-elf/4.2.1/../../../../m68k-elf/lib/m5206e\libc.a(lib_a-locale.o)
 *(.rodata.*)
 .rodata.str1.1
                0x400280b8       0x74 lab1.o
 .rodata.str1.1
                0x4002812c       0xec error_wrapper.o
 .rodata.str1.1
                0x40028218       0x3c LCD.o
 .rodata._ZTV3LCD
                0x40028254       0x10 LCD.o
                0x40028254                vtable for LCD
 .rodata.str1.1
                0x40028264      0x132 htmldata.o
                                0x158 (size before relaxing)
 .rodata.str1.1
                0x40028396        0x9 C:\nburn/lib/MOD5441X.a(bsp.o)
 .rodata.str1.1
                0x4002839f        0x5 C:\nburn/lib/NetBurner.a(ucos.o)
 .rodata.str1.1
                0x400283a4        0x3 C:\nburn/lib/NetBurner.a(fileio.o)
                                  0x6 (size before relaxing)
 .rodata.str1.1
                0x400283a7        0x5 C:\nburn/lib/NetBurner.a(main.o)
 .rodata.str1.1
                0x400283ac      0x212 C:\nburn/lib/NetBurner.a(ip.o)
                                0x217 (size before relaxing)
 .rodata.str1.1
                0x400285be       0x6e C:\nburn/lib/NetBurner.a(buffers.o)
                                 0x70 (size before relaxing)
 .rodata.str1.1
                0x4002862c       0x50 C:\nburn/lib/NetBurner.a(arp.o)
 .rodata.str1.1
                0x4002867c       0x18 C:\nburn/lib/NetBurner.a(udp.o)
 .rodata.str1.1
                0x40028694      0x38f C:\nburn/lib/NetBurner.a(tcp.o)
                                0x392 (size before relaxing)
 .rodata.str1.1
                0x40028a23        0x5 C:\nburn/lib/NetBurner.a(http.o)
 .rodata.str1.1
                0x40028a28      0x51e C:\nburn/lib/NetBurner.a(httpinternal.o)
                                0x558 (size before relaxing)
 .rodata.str1.1
                0x40028f46       0xf4 C:\nburn/lib/NetBurner.a(htmldecomp.o)
 .rodata.str1.1
                0x4002903a       0xa2 C:\nburn/lib/NetBurner.a(taskmon.o)
                                 0xa7 (size before relaxing)
 .rodata.str1.1
                0x400290dc      0x4f9 C:\nburn/lib/NetBurner.a(smarttrap.o)
                                0x540 (size before relaxing)
 .rodata.str1.1
                0x400295d5       0x37 C:\nburn/lib/NetBurner.a(nbiprintf.o)
                                 0x41 (size before relaxing)
 .rodata.str1.1
                0x4002960c       0xc9 C:\nburn/lib/NetBurner.a(system.o)
                                 0xcd (size before relaxing)
 .rodata.str1.1
                0x400296d5      0x161 C:\nburn/lib/NetBurner.a(utils.o)
                                0x17b (size before relaxing)
 .rodata.str1.1
                0x40029836      0x15a C:\nburn/lib/MOD5441X.a(serial.o)
 .rodata.str1.1
                0x40029990        0xe C:\nburn/lib/MOD5441X.a(ethernet.o)
 .rodata.str1.1
                0x4002999e      0x44e C:\nburn/lib/MOD5441X.a(etherprint.o)
                                0x497 (size before relaxing)
 .rodata.str1.1
                0x40029dec        0xa C:\nburn/lib/MOD5441X.a(ether2nd.o)
 .rodata.str1.1
                0x40029df6        0x2 c:/nburn/gcc-m68k/bin/../lib/gcc/m68k-elf/4.2.1/../../../../m68k-elf/lib/m5206e\libc.a(lib_a-impure.o)
 .rodata.str1.1
                0x00000000        0x2 c:/nburn/gcc-m68k/bin/../lib/gcc/m68k-elf/4.2.1/../../../../m68k-elf/lib/m5206e\libc.a(lib_a-puts.o)
 .rodata.str1.1
                0x40029df8       0x3c c:/nburn/gcc-m68k/bin/../lib/gcc/m68k-elf/4.2.1/../../../../m68k-elf/lib/m5206e\libc.a(lib_a-vfiprintf.o)
                                 0x43 (size before relaxing)
 .rodata.str1.1
                0x40029e34       0x1d c:/nburn/gcc-m68k/bin/../lib/gcc/m68k-elf/4.2.1/../../../../m68k-elf/lib/m5206e\libc.a(lib_a-wctomb_r.o)
 .rodata.str1.1
                0x40029e51        0xb c:/nburn/gcc-m68k/bin/../lib/gcc/m68k-elf/4.2.1/../../../../m68k-elf/lib/m5206e\libc.a(lib_a-locale.o)
                                 0x10 (size before relaxing)
 *(.gnu.linkonce.*)
 *(.gcc_except_table)
                0x40029e5c                . = ALIGN (0x4)
                0x40029e5c                __INIT_SECTION__ = .
                0x40029e5c        0x4 LONG 0x4e560000
 *(.init)
 .init          0x40029e60        0x6 c:/nburn/gcc-m68k/bin/../lib/gcc/m68k-elf/4.2.1/m5206e/crtbegin.o
 .init          0x40029e66        0x6 c:/nburn/gcc-m68k/bin/../lib/gcc/m68k-elf/4.2.1/m5206e/crtend.o
                0x40029e6c        0x2 SHORT 0x4e5e
                0x40029e6e        0x2 SHORT 0x4e75
                0x40029e70                . = ALIGN (0x4)
                0x40029e70                __FINI_SECTION__ = .
                0x40029e70        0x4 LONG 0x4e560000
 *(.fini)
 .fini          0x40029e74        0x6 c:/nburn/gcc-m68k/bin/../lib/gcc/m68k-elf/4.2.1/m5206e/crtbegin.o
                0x40029e7a        0x2 SHORT 0x4e5e
                0x40029e7c        0x2 SHORT 0x4e75
 *(.lit)
                0x40029e80                . = ALIGN (0x10)
 *fill*         0x40029e7e        0x2 00
                0x40029e80                _etext = .
                0x40029e80                etext = .

.data           0x40029e80      0x950
                0x40029e80                copy_start = .
 *(.shdata)
 *(.data)
 .data          0x40029e80        0x4 c:/nburn/gcc-m68k/bin/../lib/gcc/m68k-elf/4.2.1/../../../../m68k-elf/lib/m5206e\nb-crt0.o
 .data          0x40029e84        0x8 c:/nburn/gcc-m68k/bin/../lib/gcc/m68k-elf/4.2.1/m5206e/crtbegin.o
                0x40029e84                __dso_handle
 .data          0x40029e8c        0x4 lab1.o
                0x40029e8c                AppName
 .data          0x40029e90        0x0 error_wrapper.o
 .data          0x40029e90        0x0 LCD.o
 .data          0x40029e90      0x108 htmldata.o
                0x40029e98                html_table
                0x40029e94                MIME_table
                0x40029e90                default_page
 .data          0x40029f98        0x4 C:\nburn/lib/MOD5441X.a(bsp.o)
                0x40029f98                PlatformName
 .data          0x40029f9c        0x0 C:\nburn/lib/MOD5441X.a(flash.o)
 .data          0x40029f9c        0x0 C:\nburn/lib/MOD5441X.a(pins.o)
 .data          0x40029f9c        0x2 C:\nburn/lib/MOD5441X.a(dspi.o)
 *fill*         0x40029f9e        0x2 00
 .data          0x40029fa0        0x0 C:\nburn/lib/NetBurner.a(ucosmcfa.o)
 .data          0x40029fa0        0x0 C:\nburn/lib/NetBurner.a(software_init.o)
 .data          0x40029fa0        0x0 C:\nburn/lib/NetBurner.a(ucosmcfc.o)
 .data          0x40029fa0        0x0 C:\nburn/lib/NetBurner.a(ucos.o)
 .data          0x40029fa0        0x0 C:\nburn/lib/NetBurner.a(debugtrap.o)
 .data          0x40029fa0        0x0 C:\nburn/lib/NetBurner.a(ucosmain.o)
 .data          0x40029fa0        0x0 C:\nburn/lib/NetBurner.a(fileio.o)
 .data          0x40029fa0        0x0 C:\nburn/lib/NetBurner.a(main.o)
 .data          0x40029fa0        0x0 C:\nburn/lib/NetBurner.a(ip.o)
 .data          0x40029fa0        0x0 C:\nburn/lib/NetBurner.a(buffers.o)
 .data          0x40029fa0        0x0 C:\nburn/lib/NetBurner.a(arp.o)
 .data          0x40029fa0        0x0 C:\nburn/lib/NetBurner.a(udp.o)
 .data          0x40029fa0        0x0 C:\nburn/lib/NetBurner.a(tcp.o)
 .data          0x40029fa0        0x0 C:\nburn/lib/NetBurner.a(http.o)
 .data          0x40029fa0        0x0 C:\nburn/lib/NetBurner.a(httpinternal.o)
 .data          0x40029fa0        0x0 C:\nburn/lib/NetBurner.a(httpstricmp.o)
 .data          0x40029fa0        0x0 C:\nburn/lib/NetBurner.a(htmldecomp.o)
 .data          0x40029fa0        0x0 C:\nburn/lib/NetBurner.a(iosys.o)
 .data          0x40029fa0        0x0 C:\nburn/lib/NetBurner.a(autoip.o)
 .data          0x40029fa0        0x0 C:\nburn/lib/NetBurner.a(netinterface.o)
 .data          0x40029fa0        0x0 C:\nburn/lib/NetBurner.a(taskmon.o)
 .data          0x40029fa0        0x0 C:\nburn/lib/NetBurner.a(smarttrap.o)
 .data          0x40029fa0        0x0 C:\nburn/lib/NetBurner.a(autoupdate.o)
 .data          0x40029fa0        0x0 C:\nburn/lib/NetBurner.a(device.o)
 .data          0x40029fa0        0x8 C:\nburn/lib/NetBurner.a(nbiprintf.o)
                0x40029fa4                k_zeros
                0x40029fa0                k_spaces
 .data          0x40029fa8        0x0 C:\nburn/lib/NetBurner.a(nbsiprintf.o)
 .data          0x40029fa8        0x0 C:\nburn/lib/NetBurner.a(websocket_handler.o)
 .data          0x40029fa8        0x0 C:\nburn/lib/NetBurner.a(system.o)
 .data          0x40029fa8        0x0 C:\nburn/lib/NetBurner.a(utils.o)
 .data          0x40029fa8        0x0 C:\nburn/lib/NetBurner.a(extraio.o)
 .data          0x40029fa8        0x0 C:\nburn/lib/NetBurner.a(new_ops.o)
 .data          0x40029fa8        0x0 C:\nburn/lib/MOD5441X.a(localio.o)
 .data          0x40029fa8        0x0 C:\nburn/lib/MOD5441X.a(serial.o)
 .data          0x40029fa8        0x2 C:\nburn/lib/MOD5441X.a(ethernet.o)
                0x40029fa8                wait
 *fill*         0x40029faa        0x2 00
 .data          0x40029fac        0x0 C:\nburn/lib/MOD5441X.a(etherprint.o)
 .data          0x40029fac        0x0 C:\nburn/lib/MOD5441X.a(emulticast.o)
 .data          0x40029fac        0x0 C:\nburn/lib/MOD5441X.a(ether2nd.o)
 .data          0x40029fac        0x0 C:\nburn/lib/MOD5441X.a(etherswitch.o)
 .data          0x40029fac        0x0 C:\nburn/lib/MOD5441X.a(weak_autoenet_var.o)
 .data          0x40029fac        0x0 C:\nburn/lib/NetBurner.a(netrx.o)
 .data          0x40029fac        0x0 C:\nburn/lib/NetBurner.a(multiconfig.o)
 .data          0x40029fac        0x0 c:/nburn/gcc-m68k/bin/../lib/gcc/m68k-elf/4.2.1/../../../../m68k-elf/lib/m5206e\libstdc++.a(del_op.o)
 .data          0x40029fac        0x0 c:/nburn/gcc-m68k/bin/../lib/gcc/m68k-elf/4.2.1/m5206e\libgcc.a(_udivdi3.o)
 .data          0x40029fac        0x0 c:/nburn/gcc-m68k/bin/../lib/gcc/m68k-elf/4.2.1/m5206e\libgcc.a(_umoddi3.o)
 .data          0x40029fac        0x0 c:/nburn/gcc-m68k/bin/../lib/gcc/m68k-elf/4.2.1/m5206e\libgcc.a(_clz.o)
 .data          0x40029fac        0x0 c:/nburn/gcc-m68k/bin/../lib/gcc/m68k-elf/4.2.1/../../../../m68k-elf/lib/m5206e\libc.a(lib_a-atoi.o)
 .data          0x40029fac        0x0 c:/nburn/gcc-m68k/bin/../lib/gcc/m68k-elf/4.2.1/../../../../m68k-elf/lib/m5206e\libc.a(lib_a-bsearch.o)
 .data          0x40029fac        0x0 c:/nburn/gcc-m68k/bin/../lib/gcc/m68k-elf/4.2.1/../../../../m68k-elf/lib/m5206e\libc.a(lib_a-cxa_atexit.o)
 .data          0x40029fac        0x0 c:/nburn/gcc-m68k/bin/../lib/gcc/m68k-elf/4.2.1/../../../../m68k-elf/lib/m5206e\libc.a(lib_a-errno.o)